// Jest Snapshot v1, https://goo.gl/fbAQLP

exports[`Legend should match snapshot 1`] = `
<div
  className="sc-bdvvaa htzGmK"
>
  <div
    className="sc-gsDJrp iCEvit"
  >
    <svg
      height={10}
      width={10}
    >
      <circle
        cx="5"
        cy="5"
        fill="#62adfc"
        r="4.5"
      />
    </svg>
    build-cover
  </div>
  <div
    className="sc-gsDJrp iCEvit"
  >
    <svg
      height={10}
      width={10}
    >
      <circle
        cx="5"
        cy="5"
        fill="#4f8ac9"
        r="4.5"
      />
    </svg>
    overlapping
  </div>
  <div
    className="sc-gsDJrp iCEvit"
  >
    <svg
      height={10}
      width={10}
    >
      <circle
        cx="5"
        cy="5"
        fill="#aed4fd"
        r="4.5"
      />
    </svg>
    scope-cover
  </div>
</div>
`;
