// Jest Snapshot v1, https://goo.gl/fbAQLP

exports[`Legend should match snapshot 1`] = `
<span
  className="legend"
>
  <div
    className="legend__item"
    data-modifiers=""
  >
    <svg
      height={10}
      width={10}
    >
      <circle
        cx="5"
        cy="5"
        fill="#62adfc"
        r="4.5"
      />
    </svg>
    build-cover
  </div>
  <div
    className="legend__item"
    data-modifiers=""
  >
    <svg
      height={10}
      width={10}
    >
      <circle
        cx="5"
        cy="5"
        fill="#4f8ac9"
        r="4.5"
      />
    </svg>
    overlapping
  </div>
  <div
    className="legend__item"
    data-modifiers=""
  >
    <svg
      height={10}
      width={10}
    >
      <circle
        cx="5"
        cy="5"
        fill="#aed4fd"
        r="4.5"
      />
    </svg>
    scope-cover
  </div>
</span>
`;
