// Jest Snapshot v1, https://goo.gl/fbAQLP

exports[`Toggler Should render a toggler 1`] = `
<label
  className="sc-gsDJrp dbMMPX"
>
  <div
    className="sc-dkPtyc cpUwga"
  >
    <input
      checked={true}
      className="sc-bdvvaa bVyvoG"
      onChange={[Function]}
      type="checkbox"
      value={true}
    />
  </div>
  <span
    checked={true}
    className="sc-hKwCoD fnERlt"
  />
  <div
    checked={true}
    className="sc-eCImvq bwvyzH"
  >
    toggler
  </div>
</label>
`;
