// Jest Snapshot v1, https://goo.gl/fbAQLP

exports[`should match snapshot 1`] = `
<div>
  <div
    className="sc-bdvvaa bkKWSB"
  >
    <label
      className="sc-gsDJrp gufwci"
    >
      Form
    </label>
    <div>
      <div
        className="sc-bdvvaa bkKWSB"
      >
        <span
          className="sc-dkPtyc iUmdcE"
        >
          Optional
        </span>
      </div>
    </div>
  </div>
  <div
    className="sc-eCImvq cAEScb"
  >
    <input />
  </div>
</div>
`;
