// Jest Snapshot v1, https://goo.gl/fbAQLP

exports[`Tabs Panel should match snapshot 1`] = `
<div
  className="sc-bdvvaa eiZGns"
>
  <button
    className="sc-gsDJrp coXvlh"
    name="general"
    onClick={[Function]}
  >
    General
  </button>
  <button
    className="sc-gsDJrp dtWpkg"
    name="system"
    onClick={[Function]}
  >
    System
  </button>
  <button
    className="sc-gsDJrp dtWpkg"
    name="plugins"
    onClick={[Function]}
  >
    Plugins
  </button>
</div>
`;
