// Jest Snapshot v1, https://goo.gl/fbAQLP

exports[`ExpandedRowContent should match snapshot 1`] = `
Array [
  <div
    className="sc-bdvvaa cwzVte"
    style={
      Object {
        "backgroundColor": undefined,
        "display": "grid",
        "gridTemplateColumns": "1fr 1fr 1fr",
      }
    }
  />,
  <div
    className="sc-bdvvaa cwzVte"
    style={
      Object {
        "backgroundColor": undefined,
        "display": "grid",
        "gridTemplateColumns": "1fr 1fr 1fr",
      }
    }
  />,
  <div
    className="sc-bdvvaa cwzVte"
    style={
      Object {
        "backgroundColor": undefined,
        "display": "grid",
        "gridTemplateColumns": "1fr 1fr 1fr",
      }
    }
  />,
]
`;
