// Jest Snapshot v1, https://goo.gl/fbAQLP

exports[`ExpandedRowContent should match snapshot 1`] = `
Array [
  <div
    className="table-row table-row--nested"
    style={
      Object {
        "backgroundColor": undefined,
        "display": "grid",
        "gridTemplateColumns": "1fr 1fr 1fr",
      }
    }
  />,
  <div
    className="table-row table-row--nested"
    style={
      Object {
        "backgroundColor": undefined,
        "display": "grid",
        "gridTemplateColumns": "1fr 1fr 1fr",
      }
    }
  />,
  <div
    className="table-row table-row--nested table-row--nested-last"
    style={
      Object {
        "backgroundColor": undefined,
        "display": "grid",
        "gridTemplateColumns": "1fr 1fr 1fr",
      }
    }
  />,
]
`;
