// Jest Snapshot v1, https://goo.gl/fbAQLP

exports[`NumberInput Should render a NumberInput 1`] = `
Array [
  <div>
    <div
      className="sc-gsDJrp dyjsIK"
    >
      <input
        className="sc-bdvvaa bVyvoG"
        placeholder="enter text..."
      />
    </div>
  </div>,
  <div>
    <div
      className="sc-gsDJrp dyjsIK"
    >
      <input
        className="sc-bdvvaa etdfVC"
        disabled={true}
        placeholder="enter text..."
      />
    </div>
  </div>,
  <div>
    <div
      className="sc-gsDJrp dyjsIK"
    >
      <input
        className="sc-bdvvaa bjAYhT"
        placeholder="enter text..."
      />
    </div>
  </div>,
]
`;
